  NvidiaTesla  heat  512  gaussblur  512  0
wrong resource NvidiaTesla
  NvidiaTesla  gaussblur  512  heat  512  33089618
wrong resource NvidiaTesla
  IntelXeon  correlation  256  heat  256  246168420
wrong resource IntelXeon
  NvidiaTesla  heat  512  heat  512  155284982
wrong resource NvidiaTesla
  IntelXeon  heat  256  correlation  256  0
wrong resource IntelXeon
  IntelXeon  correlation  256
wrong resource IntelXeon
  NvidiaTesla  heat  512
wrong resource NvidiaTesla
  IntelXeon  correlation  256  correlation  512  0
wrong resource IntelXeon
  IntelXeon  correlation  512  heat  256  0
wrong resource IntelXeon
  IntelXeon  heat  256  heat  256  423090070
wrong resource IntelXeon
  NvidiaTesla  heat  1024  heat  1024  310569964
wrong resource NvidiaTesla
  IntelXeon  heat  256  correlation  256  0
wrong resource IntelXeon
  IntelXeon  correlation  256  correlation  256  0
wrong resource IntelXeon
  IntelXeon  correlation  256  heat  256  0
wrong resource IntelXeon
  IntelXeon  heat  256  markov  128  846180140
wrong resource IntelXeon
  NvidiaTesla  heat  1024  heat  1024  0
wrong resource NvidiaTesla
  NvidiaTesla  heat  1024
wrong resource NvidiaTesla
  IntelXeon  markov  128
wrong resource IntelXeon
  IntelXeon  correlation  256  correlation  256  0
wrong resource IntelXeon
  IntelXeon  correlation  256  correlation  256  913871381
wrong resource IntelXeon
  NvidiaTesla  heat  512  correlation  1024  0
wrong resource NvidiaTesla
  NvidiaTesla  correlation  1024  markov  256  0
wrong resource NvidiaTesla
  NvidiaTesla  markov  256  gaussblur  512  66179236
wrong resource NvidiaTesla
  IntelXeon  correlation  256  correlation  256  0
wrong resource IntelXeon
  IntelXeon  correlation  256
wrong resource IntelXeon
  NvidiaTesla  gaussblur  512
wrong resource NvidiaTesla
  IntelXeon  gaussblur  256  correlation  256  0
wrong resource IntelXeon
  IntelXeon  correlation  256  markov  128  0
wrong resource IntelXeon
  IntelXeon  markov  128  correlation  256  0
wrong resource IntelXeon
  IntelXeon  correlation  256
wrong resource IntelXeon
  NvidiaTesla  heat  512
wrong resource NvidiaTesla
  NvidiaTesla  heat  512  heat  512  212412853
wrong resource NvidiaTesla
  IntelXeon  correlation  256  markov  128  0
wrong resource IntelXeon
  IntelXeon  markov  128  correlation  256  0
wrong resource IntelXeon
  IntelXeon  correlation  256  correlation  256  246168420
wrong resource IntelXeon
  NvidiaTesla  heat  512  correlation  1024  296941837
wrong resource NvidiaTesla
  IntelXeon  correlation  256  markov  128  0
wrong resource IntelXeon
  IntelXeon  markov  128  correlation  512  0
wrong resource IntelXeon
  IntelXeon  correlation  512  heat  256  332808160
wrong resource IntelXeon
  NvidiaTesla  correlation  1024
wrong resource NvidiaTesla
  IntelXeon  heat  256
wrong resource IntelXeon
  NvidiaTesla  heat  1024  heat  1024  476265072
wrong resource NvidiaTesla
  IntelXeon  markov  128  correlation  256  0
wrong resource IntelXeon
  IntelXeon  correlation  256  correlation  512  0
wrong resource IntelXeon
  IntelXeon  correlation  512  markov  128  0
wrong resource IntelXeon
  IntelXeon  markov  128  correlation  256  0
wrong resource IntelXeon
  IntelXeon  correlation  256  heat  256  423090070
wrong resource IntelXeon
  NvidiaTesla  heat  1024
wrong resource NvidiaTesla
  IntelXeon  heat  256  markov  128  0
wrong resource IntelXeon
  IntelXeon  markov  128  correlation  256  0
wrong resource IntelXeon
  IntelXeon  correlation  256  correlation  256  0
wrong resource IntelXeon
  IntelXeon  correlation  256
wrong resource IntelXeon
  IntelXeon  heat  256  correlation  256  0
wrong resource IntelXeon
  IntelXeon  correlation  256  correlation  256  0
wrong resource IntelXeon
  IntelXeon  correlation  256  correlation  512  0
wrong resource IntelXeon
  IntelXeon  correlation  512  markov  128  334894802
wrong resource IntelXeon
  NvidiaTesla  markov  256
wrong resource NvidiaTesla
  IntelXeon  markov  128  markov  128  0
wrong resource IntelXeon
  IntelXeon  markov  128  markov  128  0
wrong resource IntelXeon
  IntelXeon  markov  128  heat  256  0
wrong resource IntelXeon
  IntelXeon  heat  256
wrong resource IntelXeon
  NvidiaTesla  heat  512  heat  1024  117618602
wrong resource NvidiaTesla
  IntelXeon  correlation  512  correlation  256  423090070
wrong resource IntelXeon
  NvidiaTesla  heat  1024  heat  512  66179236
wrong resource NvidiaTesla
  IntelXeon  correlation  256  correlation  256  0
wrong resource IntelXeon
  IntelXeon  correlation  256  heat  256  246168420
wrong resource IntelXeon
  NvidiaTesla  heat  512  gaussblur  512  122195364
wrong resource NvidiaTesla
  IntelXeon  heat  256
wrong resource IntelXeon
  NvidiaTesla  gaussblur  512  heat  1024  0
wrong resource NvidiaTesla
  NvidiaTesla  heat  1024  gaussblur  512  0
wrong resource NvidiaTesla
  IntelXeon  gaussblur  512  correlation  256  636903301
wrong resource IntelXeon
  NvidiaTesla  gaussblur  512  heat  512  0
wrong resource NvidiaTesla
  NvidiaTesla  heat  512  correlation  1024  33089618
wrong resource NvidiaTesla
  IntelXeon  correlation  256  markov  256  332808160
wrong resource IntelXeon
  NvidiaTesla  correlation  1024  markov  256  308595975
wrong resource NvidiaTesla
  IntelXeon  markov  256  heat  256  273231801
wrong resource IntelXeon
  NvidiaTesla  markov  256  heat  512  305993202
wrong resource NvidiaTesla
  IntelXeon  heat  256  correlation  256  0
wrong resource IntelXeon
  IntelXeon  correlation  256  correlation  512  0
wrong resource IntelXeon
  IntelXeon  correlation  512  correlation  256  0
wrong resource IntelXeon
  IntelXeon  correlation  256
wrong resource IntelXeon
  NvidiaTesla  heat  512
wrong resource NvidiaTesla
