  IntelXeon  heat  2048
wrong resource IntelXeon
  NvidiaTesla  heat  2048
wrong resource NvidiaTesla
MS_COMMON_APAPI: PAPI component peu disabled. Reason: Insufficient permissions for uncore access.  Set /proc/sys/kernel/perf_event_paranoid to 0 or run as root.
