  IntelXeon  heat  512  gaussblur  512  0
wrong resource IntelXeon
  IntelXeon  gaussblur  512  correlation  256  0
wrong resource IntelXeon
  IntelXeon  correlation  256  heat  512  0
wrong resource IntelXeon
  IntelXeon  heat  512  heat  256  0
wrong resource IntelXeon
  IntelXeon  heat  256  correlation  256  0
wrong resource IntelXeon
  IntelXeon  correlation  256  heat  512  0
wrong resource IntelXeon
  IntelXeon  heat  512  correlation  256  0
wrong resource IntelXeon
  IntelXeon  correlation  256  correlation  512  0
wrong resource IntelXeon
  IntelXeon  correlation  512  heat  256  0
wrong resource IntelXeon
  IntelXeon  heat  256  heat  1024  0
wrong resource IntelXeon
  IntelXeon  heat  1024  heat  256  0
wrong resource IntelXeon
  IntelXeon  heat  256  correlation  256  0
wrong resource IntelXeon
  IntelXeon  correlation  256  correlation  256  0
wrong resource IntelXeon
  IntelXeon  correlation  256  heat  256  0
wrong resource IntelXeon
  IntelXeon  heat  256  heat  1024  0
wrong resource IntelXeon
  IntelXeon  heat  1024  heat  1024  0
wrong resource IntelXeon
  IntelXeon  heat  1024  markov  128  0
wrong resource IntelXeon
  IntelXeon  markov  128  correlation  256  0
wrong resource IntelXeon
  IntelXeon  correlation  256  correlation  256  0
wrong resource IntelXeon
  IntelXeon  correlation  256  heat  512  0
wrong resource IntelXeon
  IntelXeon  heat  512  correlation  1024  0
wrong resource IntelXeon
  IntelXeon  correlation  1024  markov  256  0
wrong resource IntelXeon
  IntelXeon  markov  256  correlation  256  0
wrong resource IntelXeon
  IntelXeon  correlation  256  correlation  256  0
wrong resource IntelXeon
  IntelXeon  correlation  256  gaussblur  512  0
wrong resource IntelXeon
  IntelXeon  gaussblur  512  gaussblur  256  0
wrong resource IntelXeon
  IntelXeon  gaussblur  256  correlation  256  0
wrong resource IntelXeon
  IntelXeon  correlation  256  markov  128  0
wrong resource IntelXeon
  IntelXeon  markov  128  correlation  256  0
wrong resource IntelXeon
  IntelXeon  correlation  256  heat  512  0
wrong resource IntelXeon
  IntelXeon  heat  512  heat  512  0
wrong resource IntelXeon
  IntelXeon  heat  512  correlation  256  0
wrong resource IntelXeon
  IntelXeon  correlation  256  markov  128  0
wrong resource IntelXeon
  IntelXeon  markov  128  correlation  256  0
wrong resource IntelXeon
  IntelXeon  correlation  256  heat  512  0
wrong resource IntelXeon
  IntelXeon  heat  512  correlation  256  0
wrong resource IntelXeon
  IntelXeon  correlation  256  markov  128  0
wrong resource IntelXeon
  IntelXeon  markov  128  correlation  512  0
wrong resource IntelXeon
  IntelXeon  correlation  512  correlation  1024  0
wrong resource IntelXeon
  IntelXeon  correlation  1024  heat  256  0
wrong resource IntelXeon
  IntelXeon  heat  256  heat  1024  0
wrong resource IntelXeon
  IntelXeon  heat  1024  markov  128  0
wrong resource IntelXeon
  IntelXeon  markov  128  correlation  256  0
wrong resource IntelXeon
  IntelXeon  correlation  256  correlation  512  0
wrong resource IntelXeon
  IntelXeon  correlation  512  markov  128  0
wrong resource IntelXeon
  IntelXeon  markov  128  correlation  256  0
wrong resource IntelXeon
  IntelXeon  correlation  256  heat  1024  0
wrong resource IntelXeon
  IntelXeon  heat  1024  heat  256  0
wrong resource IntelXeon
  IntelXeon  heat  256  markov  128  0
wrong resource IntelXeon
  IntelXeon  markov  128  correlation  256  0
wrong resource IntelXeon
  IntelXeon  correlation  256  correlation  256  0
wrong resource IntelXeon
  IntelXeon  correlation  256  heat  256  0
wrong resource IntelXeon
  IntelXeon  heat  256  correlation  256  0
wrong resource IntelXeon
  IntelXeon  correlation  256  correlation  256  0
wrong resource IntelXeon
  IntelXeon  correlation  256  correlation  512  0
wrong resource IntelXeon
  IntelXeon  correlation  512  markov  256  0
wrong resource IntelXeon
  IntelXeon  markov  256  markov  128  0
wrong resource IntelXeon
  IntelXeon  markov  128  markov  128  0
wrong resource IntelXeon
  IntelXeon  markov  128  markov  128  0
wrong resource IntelXeon
  IntelXeon  markov  128  heat  256  0
wrong resource IntelXeon
  IntelXeon  heat  256  heat  512  0
wrong resource IntelXeon
  IntelXeon  heat  512  correlation  512  0
wrong resource IntelXeon
  IntelXeon  correlation  512  heat  1024  0
wrong resource IntelXeon
  IntelXeon  heat  1024  correlation  256  0
wrong resource IntelXeon
  IntelXeon  correlation  256  correlation  256  0
wrong resource IntelXeon
  IntelXeon  correlation  256  heat  512  0
wrong resource IntelXeon
  IntelXeon  heat  512  heat  256  0
wrong resource IntelXeon
  IntelXeon  heat  256  gaussblur  512  0
wrong resource IntelXeon
  IntelXeon  gaussblur  512  heat  1024  0
wrong resource IntelXeon
  IntelXeon  heat  1024  gaussblur  512  0
wrong resource IntelXeon
  IntelXeon  gaussblur  512  heat  512  0
wrong resource IntelXeon
  IntelXeon  heat  512  correlation  256  0
wrong resource IntelXeon
  IntelXeon  correlation  256  correlation  1024  0
wrong resource IntelXeon
  IntelXeon  correlation  1024  markov  256  0
wrong resource IntelXeon
  IntelXeon  markov  256  heat  256  0
wrong resource IntelXeon
  IntelXeon  heat  256  correlation  256  0
wrong resource IntelXeon
  IntelXeon  correlation  256  correlation  512  0
wrong resource IntelXeon
  IntelXeon  correlation  512  correlation  256  0
wrong resource IntelXeon
  IntelXeon  correlation  256  heat  512  0
wrong resource IntelXeon
  IntelXeon  heat  512
wrong resource IntelXeon
