  IntelXeon  heat  2048
wrong resource IntelXeon
  NvidiaTesla  heat  2048
wrong resource NvidiaTesla
